Microchip MPLAB XC8 Compiler V2.36

Linker command line:

-W-3 --edf=C:\Program Files\Microchip\xc8\v2.36\pic\dat\en_msgs.txt -cn \
  -h+dist/default/production\LCD1.0.X.production.sym \
  --cmf=dist/default/production\LCD1.0.X.production.cmf -z -Q16F877A \
  -oC:\Users\AHMED_~1\AppData\Local\Temp\xcAsj30.4 --defsym=__MPLAB_BUILD=1 \
  -Mdist/default/production/LCD1.0.X.production.map \
  --md=C:\Users\AHMED_~1\AppData\Local\Temp\xcAsj30.dat -E1 \
  -ver=XC8 Compiler --acfsm=1493 -ACODE=00h-07FFhx4 -ASTRCODE=00h-01FFFh \
  -ASTRING=00h-0FFhx32 -ACONST=00h-0FFhx32 -AENTRY=00h-0FFhx32 \
  -ACOMMON=070h-07Fh -ABANK0=020h-06Fh -ABANK1=0A0h-0EFh \
  -ABANK2=0110h-016Fh -ABANK3=0190h-01EFh \
  -ARAM=020h-06Fh,0A0h-0EFh,0110h-016Fh,0190h-01EFh \
  -AABS1=020h-07Fh,0A0h-0EFh,0110h-016Fh,0190h-01EFh -ASFR0=00h-01Fh \
  -ASFR1=080h-09Fh -ASFR2=0100h-010Fh -ASFR3=0180h-018Fh \
  -ACONFIG=02007h-02007h -DCONFIG=2 -AIDLOC=02000h-02003h -DIDLOC=2 \
  -AEEDATA=00h-0FFh/02100h -peeprom_data=EEDATA -DEEDATA=2 -DCODE=2 \
  -DSTRCODE=2 -DSTRING=2 -DCONST=2 -DENTRY=2 \
  -preset_vec=00h,intentry,init,end_init -ppowerup=CODE -pcinit=CODE \
  -pfunctab=ENTRY -k C:\Users\AHMED_~1\AppData\Local\Temp\xcAsj30.o \
  dist/default/production\LCD1.0.X.production.o 

Object code version is 3.11

Machine type is 16F877A



                Name                               Link     Load   Length Selector   Space Scale
C:\Users\AHMED_~1\AppData\Local\Temp\xcAsj30.o
                end_init                              0        0        3        0       0
                config                             2007     2007        1        0       4
                idloc                              2000     2000        4        0       5
dist/default/production\LCD1.0.X.production.o
                cinit                               7FC      7FC        4      FF8       0
                config                             2007     2007        1        0       4
                idloc                              2000     2000        4        0       5
                text11                              5A3      5A3        E      B46       0
                text10                              598      598        B      B30       0
                text9                               61E      61E       33      C3C       0
                text8                               5B1      5B1        E      B62       0
                text7                               73A      73A       60      E74       0
                text6                               651      651       37      CA2       0
                text5                               5DB      5DB       21      BB6       0
                text4                               6DB      6DB       5F      DB6       0
                text3                               79A      79A       62      F34       0
                text2                               5FC      5FC       22      BF8       0
                text1                               5BF      5BF       1C      B7E       0
                maintext                            688      688       53      D10       0
                cstackBANK0                          20       20        3       20       1
                cstackCOMMON                         70       70        D       70       1
                strings                               3        3       11        6       0

TOTAL           Name                               Link     Load   Length     Space
        CLASS   CODE           
                end_init                              0        0        3         0
                cinit                               7FC      7FC        4         0
                text11                              5A3      5A3        E         0
                text10                              598      598        B         0
                text9                               61E      61E       33         0
                text8                               5B1      5B1        E         0
                text7                               73A      73A       60         0
                text6                               651      651       37         0
                text5                               5DB      5DB       21         0
                text4                               6DB      6DB       5F         0
                text3                               79A      79A       62         0
                text2                               5FC      5FC       22         0
                text1                               5BF      5BF       1C         0
                maintext                            688      688       53         0

        CLASS   STRCODE        

        CLASS   STRING         
                strings                               3        3       11         0

        CLASS   CONST          

        CLASS   ENTRY          

        CLASS   COMMON         
                cstackCOMMON                         70       70        D         1

        CLASS   BANK0          
                cstackBANK0                          20       20        3         1

        CLASS   BANK1          

        CLASS   BANK2          

        CLASS   BANK3          

        CLASS   RAM            

        CLASS   ABS1           
                abs_s1                               7E       7E        2         1

        CLASS   SFR0           

        CLASS   SFR1           

        CLASS   SFR2           

        CLASS   SFR3           

        CLASS   CONFIG         
                config                             2007     2007        1         4

        CLASS   IDLOC          
                idloc                              2000     2000        4         5

        CLASS   EEDATA         

        CLASS   STACK          



SEGMENTS        Name                           Load    Length   Top    Selector   Space  Class     Delta

                reset_vec                      000000  000003  000003         0       0  CODE        2
                strings                        000003  000011  000014         6       0  STRING      2
                cstackBANK0                    000020  000003  000023        20       1  BANK0       1
                cstackCOMMON                   000070  00000D  00007D        70       1  COMMON      1
                text10                         000598  00000B  0005A3       B30       0  CODE        2
                text11                         0005A3  00000E  0005B1       B46       0  CODE        2
                text8                          0005B1  00000E  0005BF       B62       0  CODE        2
                text1                          0005BF  00001C  0005DB       B7E       0  CODE        2
                text5                          0005DB  000021  0005FC       BB6       0  CODE        2
                text2                          0005FC  000022  00061E       BF8       0  CODE        2
                text9                          00061E  000033  000651       C3C       0  CODE        2
                text6                          000651  000037  000688       CA2       0  CODE        2
                maintext                       000688  000053  0006DB       D10       0  CODE        2
                text4                          0006DB  00005F  00073A       DB6       0  CODE        2
                text7                          00073A  000060  00079A       E74       0  CODE        2
                text3                          00079A  000062  0007FC       F34       0  CODE        2
                cinit                          0007FC  000004  000800       FF8       0  CODE        2


UNUSED ADDRESS RANGES

        Name                Unused          Largest block    Delta
        BANK0            0023-006F             4D           1
        BANK1            00A0-00EF             50           1
        BANK2            0110-016F             60           1
        BANK3            0190-01EF             60           1
        CODE             0014-0597            584           2
                         0800-1FFF            800
        COMMON           007D-007D              1           1
        CONST            0014-0597            100           2
                         0800-1FFF            100
        EEDATA           2100-21FF            100           2
        ENTRY            0014-0597            100           2
                         0800-1FFF            100
        RAM              0023-006F             4D           1
                         00A0-00EF             50
                         0110-016F             60
                         0190-01EF             60
        SFR0             0000-001F             20           1
        SFR1             0080-009F             20           1
        SFR2             0100-010F             10           1
        SFR3             0180-018F             10           1
        STRCODE          0014-0597            584           2
                         0800-1FFF           1800
        STRING           0014-0597            100           2
                         0800-1FFF            100

                                  Symbol Table

LCD_Command@value        cstackCOMMON 0079
LCD_Data@value           cstackCOMMON 0079
LCD_Print@i              cstackCOMMON 007C
LCD_Print@str            cstackCOMMON 007B
PinDir@Base              cstackCOMMON 0076
PinDir@pin               cstackCOMMON 0070
PinDir@state             cstackCOMMON 0071
PinRead@Base             cstackCOMMON 0074
PinRead@pin              cstackCOMMON 0070
PinWrite@Base            cstackCOMMON 0076
PinWrite@pin             cstackCOMMON 0070
PinWrite@stat            cstackCOMMON 0071
PortDir@Base             cstackCOMMON 0074
PortDir@state            cstackCOMMON 0070
PortWrite@Base           cstackCOMMON 0074
PortWrite@value          cstackCOMMON 0070
SelectADC@Base           cstackCOMMON 0074
SelectADC@value          cstackCOMMON 0070
_GPIO_INIT               text10       0598
_LCD_Command             text7        073A
_LCD_Data                text3        079A
_LCD_INIT                text4        06DB
_LCD_Print               text2        05FC
_PinDir                  text6        0651
_PinRead                 text1        05BF
_PinWrite                text9        061E
_PortDir                 text5        05DB
_PortWrite               text8        05B1
_SelectADC               text11       05A3
__Habs1                  abs1         0000
__Hbank0                 bank0        0000
__Hbank1                 bank1        0000
__Hbank2                 bank2        0000
__Hbank3                 bank3        0000
__Hcinit                 cinit        0800
__Hclrtext               clrtext      0000
__Hcode                  code         0000
__Hcommon                common       0000
__Hconfig                config       2008
__HcstackBANK0           cstackBANK0  0000
__HcstackCOMMON          cstackCOMMON 0000
__Heeprom_data           eeprom_data  0000
__Hend_init              end_init     0003
__Hfunctab               functab      0000
__Hidloc                 idloc        2004
__Hinit                  init         0000
__Hintentry              intentry     0000
__Hmaintext              maintext     0000
__Hpowerup               powerup      0000
__Hram                   ram          0000
__Hreset_vec             reset_vec    0000
__Hsfr0                  sfr0         0000
__Hsfr1                  sfr1         0000
__Hsfr2                  sfr2         0000
__Hsfr3                  sfr3         0000
__Hspace_0               (abs)        0800
__Hspace_1               (abs)        007D
__Hspace_2               (abs)        0000
__Hspace_3               (abs)        0000
__Hspace_4               (abs)        400F
__Hstack                 stack        0000
__Hstrings               strings      0000
__Htext                  text         0000
__Labs1                  abs1         0000
__Lbank0                 bank0        0000
__Lbank1                 bank1        0000
__Lbank2                 bank2        0000
__Lbank3                 bank3        0000
__Lcinit                 cinit        07FC
__Lclrtext               clrtext      0000
__Lcode                  code         0000
__Lcommon                common       0000
__Lconfig                config       0000
__LcstackBANK0           cstackBANK0  0000
__LcstackCOMMON          cstackCOMMON 0000
__Leeprom_data           eeprom_data  0000
__Lend_init              end_init     0000
__Lfunctab               functab      0000
__Lidloc                 idloc        0000
__Linit                  init         0000
__Lintentry              intentry     0000
__Lmaintext              maintext     0000
__Lpowerup               powerup      0000
__Lram                   ram          0000
__Lreset_vec             reset_vec    0000
__Lsfr0                  sfr0         0000
__Lsfr1                  sfr1         0000
__Lsfr2                  sfr2         0000
__Lsfr3                  sfr3         0000
__Lspace_0               (abs)        0000
__Lspace_1               (abs)        0000
__Lspace_2               (abs)        0000
__Lspace_3               (abs)        0000
__Lspace_4               (abs)        0000
__Lstack                 stack        0000
__Lstrings               strings      0000
__Ltext                  text         0000
__S0                     (abs)        0800
__S1                     (abs)        007D
__S3                     (abs)        0000
___int_sp                stack        0000
___latbits               (abs)        0002
___sp                    stack        0000
___stackhi               (abs)        0000
___stacklo               (abs)        0000
__end_of_GPIO_INIT       text10       05A3
__end_of_LCD_Command     text7        079A
__end_of_LCD_Data        text3        07FC
__end_of_LCD_INIT        text4        073A
__end_of_LCD_Print       text2        061E
__end_of_PinDir          text6        0688
__end_of_PinRead         text1        05DB
__end_of_PinWrite        text9        0651
__end_of_PortDir         text5        05FC
__end_of_PortWrite       text8        05BF
__end_of_SelectADC       text11       05B1
__end_of__initialization cinit        07FC
__end_of__stringtab      strings      0009
__end_of_main            maintext     06DB
__initialization         cinit        07FC
__pcstackBANK0           cstackBANK0  0020
__pcstackCOMMON          cstackCOMMON 0070
__pmaintext              maintext     0688
__pstrings               strings      0003
__ptext1                 text1        05BF
__ptext10                text10       0598
__ptext11                text11       05A3
__ptext2                 text2        05FC
__ptext3                 text3        079A
__ptext4                 text4        06DB
__ptext5                 text5        05DB
__ptext6                 text6        0651
__ptext7                 text7        073A
__ptext8                 text8        05B1
__ptext9                 text9        061E
__stringbase             strings      0008
__stringtab              strings      0003
_main                    maintext     0688
btemp                    (abs)        007E
end_of_initialization    cinit        07FC
intlevel0                functab      0000
intlevel1                functab      0000
intlevel2                functab      0000
intlevel3                functab      0000
intlevel4                functab      0000
intlevel5                functab      0000
reset_vec                reset_vec    0000
start                    init         0000
start_initialization     cinit        07FC
wtemp0                   (abs)        007E


MODULE INFORMATION

Module		Function		Class		Link	Load	Size
shared
		__stringtab    		STRING         	0003	0000	6
		__initialization		CODE           	07FC	0000	1

shared estimated size: 7

App.c
		_LCD_INIT      		CODE           	06DB	0000	95
		_GPIO_INIT     		CODE           	0598	0000	11
		_LCD_Print     		CODE           	05FC	0000	34

App.c estimated size: 140

main.c
		_main          		CODE           	0688	0000	83

main.c estimated size: 83

HAL.c
		_PinDir        		CODE           	0651	0000	55
		_SelectADC     		CODE           	05A3	0000	14
		_LCD_Command   		CODE           	073A	0000	96
		_LCD_Data      		CODE           	079A	0000	98
		_PortDir       		CODE           	05DB	0000	33
		_PinRead       		CODE           	05BF	0000	28
		_PortWrite     		CODE           	05B1	0000	14
		_PinWrite      		CODE           	061E	0000	51

HAL.c estimated size: 389

